student@T4:~$ cd alexgit
student@T4:~/alexgit$ git init mca
Initialized empty Git repository in /home/student/alexgit/mca/.git/
student@T4:~/alexgit$ gedit README
student@T4:~/alexgit$ gedit aa.c
student@T4:~/alexgit$ git add aa.c
fatal: not a git repository (or any of the parent directories): .git
student@T4:~/alexgit$ git mca
git: 'mca' is not a git command. See 'git --help'.

The most similar command is
	mktag
student@T4:~/alexgit$ cd mca
student@T4:~/alexgit/mca$ git add aa.c
fatal: pathspec 'aa.c' did not match any files
student@T4:~/alexgit/mca$ git add aa.c
student@T4:~/alexgit/mca$ git config --global user.email "anjanaalex007@gmail.com"
student@T4:~/alexgit/mca$ git config --global user.name "anjanaalexkariappuram"
student@T4:~/alexgit/mca$ git commit -m "i m alex"
[master (root-commit) a34ce04] i m alex
 1 file changed, 6 insertions(+)
 create mode 100644 aa.c
student@T4:~/alexgit/mca$ git remote add orgin https://github.com/anjanaalexkariappuram/alexnewrepo.git
student@T4:~/alexgit/mca$ git push origin master
fatal: 'origin' does not appear to be a git repository
fatal: Could not read from remote repository.

Please make sure you have the correct access rights
and the repository exists.
student@T4:~/alexgit/mca$ git push orgin master
Username for 'https://github.com': alexnewrepo
Password for 'https://alexnewrepo@github.com': 
remote: Invalid username or password.
fatal: Authentication failed for 'https://github.com/anjanaalexkariappuram/alexnewrepo.git/'
student@T4:~/alexgit/mca$ git push orgin master
Username for 'https://github.com': anjanaalexkariappuram
Password for 'https://anjanaalexkariappuram@github.com': 
Counting objects: 3, done.
Delta compression using up to 4 threads.
Compressing objects: 100% (2/2), done.
Writing objects: 100% (3/3), 284 bytes | 284.00 KiB/s, done.
Total 3 (delta 0), reused 0 (delta 0)
To https://github.com/anjanaalexkariappuram/alexnewrepo.git
 * [new branch]      master -> master
student@T4:~/alexgit/mca$ git branch  newbranch
student@T4:~/alexgit/mca$ git add bb.c
fatal: pathspec 'bb.c' did not match any files
student@T4:~/alexgit/mca$ git checkout newbranch
Switched to branch 'newbranch'
student@T4:~/alexgit/mca$ gedit bb.c
student@T4:~/alexgit/mca$ git commit -m "This is in the new branch"
On branch newbranch
Untracked files:
	bb.c

nothing added to commit but untracked files present
student@T4:~/alexgit/mca$ git add bb.c
student@T4:~/alexgit/mca$ git commit -m "This is in the new branch"
[newbranch 7dfd608] This is in the new branch
 1 file changed, 18 insertions(+)
 create mode 100644 bb.c
student@T4:~/alexgit/mca$ git remote add orgin https://github.com/anjanaalexkariappuram/alexnewrepo.git
fatal: remote orgin already exists.
student@T4:~/alexgit/mca$ git remote add orginn https://github.com/anjanaalexkariappuram/alexnewrepo.git
student@T4:~/alexgit/mca$ git push orginn master
Username for 'https://github.com': anjanaalexkariappuram
Password for 'https://anjanaalexkariappuram@github.com': 
Everything up-to-date
student@T4:~/alexgit/mca$ git push orgin newbranch
Username for 'https://github.com': anjanaalexkariappuram
Password for 'https://anjanaalexkariappuram@github.com': 
Counting objects: 3, done.
Delta compression using up to 4 threads.
Compressing objects: 100% (3/3), done.
Writing objects: 100% (3/3), 513 bytes | 513.00 KiB/s, done.
Total 3 (delta 0), reused 0 (delta 0)
remote: 
remote: Create a pull request for 'newbranch' on GitHub by visiting:
remote:      https://github.com/anjanaalexkariappuram/alexnewrepo/pull/new/newbranch
remote: 
To https://github.com/anjanaalexkariappuram/alexnewrepo.git
 * [new branch]      newbranch -> newbranch
student@T4:~/alexgit/mca$ git status
On branch newbranch
nothing to commit, working tree clean
student@T4:~/alexgit/mca$ git fetch orgin newbranch
From https://github.com/anjanaalexkariappuram/alexnewrepo
 * branch            newbranch  -> FETCH_HEAD
student@T4:~/alexgit/mca$ git merge orgin/branchname
merge: orgin/branchname - not something we can merge
student@T4:~/alexgit/mca$ git clone https://github.com/anjanaalexkariappuram/hellonew.git
Cloning into 'hellonew'...
warning: You appear to have cloned an empty repository.
student@T4:~/alexgit/mca$ git rm -r aa.c
rm 'aa.c'
student@T4:~/alexgit/mca$ 

